

================================================================
== Vivado HLS Report for 'axpy'
================================================================
* Date:           Tue Oct  9 00:12:44 2018

* Version:        2017.4 (Build 2086221 on Fri Dec 15 21:13:33 MST 2017)
* Project:        cuckoo-hashing-hls
* Solution:       solution1
* Product family: zynq
* Target device:  xc7z007sclg400-1


================================================================
== Performance Estimates
================================================================
+ Timing (ns): 
    * Summary: 
    +--------+-------+----------+------------+
    |  Clock | Target| Estimated| Uncertainty|
    +--------+-------+----------+------------+
    |ap_clk  |  10.00|      8.51|        1.25|
    +--------+-------+----------+------------+

+ Latency (clock cycles): 
    * Summary: 
    +-----+-----+-----+-----+---------+
    |  Latency  |  Interval | Pipeline|
    | min | max | min | max |   Type  |
    +-----+-----+-----+-----+---------+
    |   13|   13|   13|   13|   none  |
    +-----+-----+-----+-----+---------+

    + Detail: 
        * Instance: 
        N/A

        * Loop: 
        +----------+-----+-----+----------+-----------+-----------+------+----------+
        |          |  Latency  | Iteration|  Initiation Interval  | Trip |          |
        | Loop Name| min | max |  Latency |  achieved |   target  | Count| Pipelined|
        +----------+-----+-----+----------+-----------+-----------+------+----------+
        |- Loop 1  |   12|   12|         4|          -|          -|     3|    no    |
        +----------+-----+-----+----------+-----------+-----------+------+----------+

============================================================
+ Verbose Summary: Synthesis Manager
============================================================
InlineROM: 1
ExposeGlobal: 0
============================================================
+ Verbose Summary: CDFG Model
============================================================
IsTopModel: 1
ResetActiveHigh: 1
IsCombinational: 0
IsDatapathOnly: 0
HasWiredReturn: 1
HasMFsm: 0
HasVarLatency: 1
IsPipeline: 0
IsRtlPipelined: 0
IsInstanceOverlapped: 0
IsDontTouch: 0
HasImplIP: 0
IsGatedGlobalClock: 0


============================================================
+ Verbose Summary: Schedule
============================================================
* Number of FSM states : 5
* Pipeline : 0
* Dataflow Pipeline: 0

* FSM state transitions: 
1 --> 
	2  / true
2 --> 
	3  / (!exitcond)
3 --> 
	4  / true
4 --> 
	5  / true
5 --> 
	2  / true

* FSM state operations: 

 <State 1> : 1.77ns
ST_1 : Operation 6 [1/1] (0.00ns)   --->   "call void (...)* @_ssdm_op_SpecBitsMap([3 x i32]* %in_r) nounwind, !map !7"
ST_1 : Operation 7 [1/1] (0.00ns)   --->   "call void (...)* @_ssdm_op_SpecBitsMap(i32 %a) nounwind, !map !13"
ST_1 : Operation 8 [1/1] (0.00ns)   --->   "call void (...)* @_ssdm_op_SpecBitsMap(i32 %b) nounwind, !map !19"
ST_1 : Operation 9 [1/1] (0.00ns)   --->   "call void (...)* @_ssdm_op_SpecBitsMap([3 x i32]* %out_r) nounwind, !map !23"
ST_1 : Operation 10 [1/1] (0.00ns)   --->   "call void (...)* @_ssdm_op_SpecTopModule([5 x i8]* @axpy_str) nounwind"
ST_1 : Operation 11 [1/1] (0.00ns)   --->   "%b_read = call i32 @_ssdm_op_Read.ap_auto.i32(i32 %b) nounwind"
ST_1 : Operation 12 [1/1] (0.00ns)   --->   "%a_read = call i32 @_ssdm_op_Read.ap_auto.i32(i32 %a) nounwind"
ST_1 : Operation 13 [1/1] (1.76ns)   --->   "br label %1" [cuckoo-hashing-hls/solution1/src/conv.cpp:3]

 <State 2> : 2.32ns
ST_2 : Operation 14 [1/1] (0.00ns)   --->   "%i = phi i2 [ 0, %0 ], [ %i_1, %2 ]"
ST_2 : Operation 15 [1/1] (0.95ns)   --->   "%exitcond = icmp eq i2 %i, -1" [cuckoo-hashing-hls/solution1/src/conv.cpp:3]   --->   Core 25 'Cmp' <Latency = 0> <II = 1> <Delay = 0.95> <FuncUnit> <Opcode : 'icmp'> <InPorts = 2> <OutPorts = 1>
ST_2 : Operation 16 [1/1] (0.00ns)   --->   "%empty = call i32 (...)* @_ssdm_op_SpecLoopTripCount(i64 3, i64 3, i64 3) nounwind"
ST_2 : Operation 17 [1/1] (1.56ns)   --->   "%i_1 = add i2 %i, 1" [cuckoo-hashing-hls/solution1/src/conv.cpp:3]   --->   Core 14 'AddSub' <Latency = 0> <II = 1> <Delay = 2.55> <FuncUnit> <Opcode : 'add' 'sub'> <InPorts = 2> <OutPorts = 1>
ST_2 : Operation 18 [1/1] (0.00ns)   --->   "br i1 %exitcond, label %3, label %2" [cuckoo-hashing-hls/solution1/src/conv.cpp:3]
ST_2 : Operation 19 [1/1] (0.00ns)   --->   "%tmp = zext i2 %i to i64" [cuckoo-hashing-hls/solution1/src/conv.cpp:4]
ST_2 : Operation 20 [1/1] (0.00ns)   --->   "%in_addr = getelementptr [3 x i32]* %in_r, i64 0, i64 %tmp" [cuckoo-hashing-hls/solution1/src/conv.cpp:4]
ST_2 : Operation 21 [2/2] (2.32ns)   --->   "%x = load i32* %in_addr, align 4" [cuckoo-hashing-hls/solution1/src/conv.cpp:4]   --->   Core 37 'RAM' <Latency = 1> <II = 1> <Delay = 2.32> <Storage> <Opcode : 'load' 'store'> <Ports = 2> <Width = 32> <Depth = 3> <RAM>
ST_2 : Operation 22 [1/1] (0.00ns)   --->   "ret void" [cuckoo-hashing-hls/solution1/src/conv.cpp:8]

 <State 3> : 2.32ns
ST_3 : Operation 23 [1/2] (2.32ns)   --->   "%x = load i32* %in_addr, align 4" [cuckoo-hashing-hls/solution1/src/conv.cpp:4]   --->   Core 37 'RAM' <Latency = 1> <II = 1> <Delay = 2.32> <Storage> <Opcode : 'load' 'store'> <Ports = 2> <Width = 32> <Depth = 3> <RAM>

 <State 4> : 8.51ns
ST_4 : Operation 24 [1/1] (8.51ns)   --->   "%tmp_1 = mul nsw i32 %x, %a_read" [cuckoo-hashing-hls/solution1/src/conv.cpp:5]   --->   Core 16 'Mul' <Latency = 0> <II = 1> <Delay = 8.51> <FuncUnit> <Opcode : 'mul'> <InPorts = 2> <OutPorts = 1>

 <State 5> : 4.87ns
ST_5 : Operation 25 [1/1] (2.55ns)   --->   "%y = add nsw i32 %tmp_1, %b_read" [cuckoo-hashing-hls/solution1/src/conv.cpp:5]   --->   Core 14 'AddSub' <Latency = 0> <II = 1> <Delay = 2.55> <FuncUnit> <Opcode : 'add' 'sub'> <InPorts = 2> <OutPorts = 1>
ST_5 : Operation 26 [1/1] (0.00ns)   --->   "%out_addr = getelementptr [3 x i32]* %out_r, i64 0, i64 %tmp" [cuckoo-hashing-hls/solution1/src/conv.cpp:6]
ST_5 : Operation 27 [1/1] (2.32ns)   --->   "store i32 %y, i32* %out_addr, align 4" [cuckoo-hashing-hls/solution1/src/conv.cpp:6]   --->   Core 37 'RAM' <Latency = 1> <II = 1> <Delay = 2.32> <Storage> <Opcode : 'load' 'store'> <Ports = 2> <Width = 32> <Depth = 3> <RAM>
ST_5 : Operation 28 [1/1] (0.00ns)   --->   "br label %1" [cuckoo-hashing-hls/solution1/src/conv.cpp:3]


============================================================
+ Verbose Summary: Timing violations
============================================================
Target clock period: 10ns, clock uncertainty: 1.25ns.

 <State 1>: 1.77ns
The critical path consists of the following:
	multiplexor before 'phi' operation ('i') with incoming values : ('i', cuckoo-hashing-hls/solution1/src/conv.cpp:3) [14]  (1.77 ns)

 <State 2>: 2.32ns
The critical path consists of the following:
	'phi' operation ('i') with incoming values : ('i', cuckoo-hashing-hls/solution1/src/conv.cpp:3) [14]  (0 ns)
	'getelementptr' operation ('in_addr', cuckoo-hashing-hls/solution1/src/conv.cpp:4) [21]  (0 ns)
	'load' operation ('x', cuckoo-hashing-hls/solution1/src/conv.cpp:4) on array 'in_r' [22]  (2.32 ns)

 <State 3>: 2.32ns
The critical path consists of the following:
	'load' operation ('x', cuckoo-hashing-hls/solution1/src/conv.cpp:4) on array 'in_r' [22]  (2.32 ns)

 <State 4>: 8.51ns
The critical path consists of the following:
	'mul' operation ('tmp_1', cuckoo-hashing-hls/solution1/src/conv.cpp:5) [23]  (8.51 ns)

 <State 5>: 4.87ns
The critical path consists of the following:
	'add' operation ('y', cuckoo-hashing-hls/solution1/src/conv.cpp:5) [24]  (2.55 ns)
	'store' operation (cuckoo-hashing-hls/solution1/src/conv.cpp:6) of variable 'y', cuckoo-hashing-hls/solution1/src/conv.cpp:5 on array 'out_r' [26]  (2.32 ns)


============================================================
+ Verbose Summary: Binding
============================================================
N/A
* FSMD analyzer results:
  - Output states:
 - Input state : 
  - Chain level:
	State 1
	State 2
	State 3
	State 4
	State 5


============================================================
+ Verbose Summary: Datapath Resource usage 
============================================================
N/A
