

================================================================
== Vivado HLS Report for 'axpy'
================================================================
* Date:           Tue Oct  9 00:12:44 2018

* Version:        2017.4 (Build 2086221 on Fri Dec 15 21:13:33 MST 2017)
* Project:        cuckoo-hashing-hls
* Solution:       solution1
* Product family: zynq
* Target device:  xc7z007sclg400-1


================================================================
== Performance Estimates
================================================================
+ Timing (ns): 
    * Summary: 
    +--------+-------+----------+------------+
    |  Clock | Target| Estimated| Uncertainty|
    +--------+-------+----------+------------+
    |ap_clk  |  10.00|      8.51|        1.25|
    +--------+-------+----------+------------+

+ Latency (clock cycles): 
    * Summary: 
    +-----+-----+-----+-----+---------+
    |  Latency  |  Interval | Pipeline|
    | min | max | min | max |   Type  |
    +-----+-----+-----+-----+---------+
    |   13|   13|   13|   13|   none  |
    +-----+-----+-----+-----+---------+

    + Detail: 
        * Instance: 
        N/A

        * Loop: 
        +----------+-----+-----+----------+-----------+-----------+------+----------+
        |          |  Latency  | Iteration|  Initiation Interval  | Trip |          |
        | Loop Name| min | max |  Latency |  achieved |   target  | Count| Pipelined|
        +----------+-----+-----+----------+-----------+-----------+------+----------+
        |- Loop 1  |   12|   12|         4|          -|          -|     3|    no    |
        +----------+-----+-----+----------+-----------+-----------+------+----------+



================================================================
== Utilization Estimates
================================================================
* Summary: 
+-----------------+---------+-------+-------+-------+
|       Name      | BRAM_18K| DSP48E|   FF  |  LUT  |
+-----------------+---------+-------+-------+-------+
|DSP              |        -|      -|      -|      -|
|Expression       |        -|      3|      0|     77|
|FIFO             |        -|      -|      -|      -|
|Instance         |        -|      -|      -|      -|
|Memory           |        -|      -|      -|      -|
|Multiplexer      |        -|      -|      -|     42|
|Register         |        -|      -|     75|      -|
+-----------------+---------+-------+-------+-------+
|Total            |        0|      3|     75|    119|
+-----------------+---------+-------+-------+-------+
|Available        |      100|     66|  28800|  14400|
+-----------------+---------+-------+-------+-------+
|Utilization (%)  |        0|      4|   ~0  |   ~0  |
+-----------------+---------+-------+-------+-------+

+ Detail: 
    * Instance: 
    N/A

    * DSP48: 
    N/A

    * Memory: 
    N/A

    * FIFO: 
    N/A

    * Expression: 
    +-------------------+----------+-------+---+----+------------+------------+
    |   Variable Name   | Operation| DSP48E| FF| LUT| Bitwidth P0| Bitwidth P1|
    +-------------------+----------+-------+---+----+------------+------------+
    |tmp_1_fu_92_p2     |     *    |      3|  0|  20|          32|          32|
    |i_1_fu_81_p2       |     +    |      0|  0|  10|           2|           1|
    |out_r_d0           |     +    |      0|  0|  39|          32|          32|
    |exitcond_fu_75_p2  |   icmp   |      0|  0|   8|           2|           2|
    +-------------------+----------+-------+---+----+------------+------------+
    |Total              |          |      3|  0|  77|          68|          67|
    +-------------------+----------+-------+---+----+------------+------------+

    * Multiplexer: 
    +-----------+----+-----------+-----+-----------+
    |    Name   | LUT| Input Size| Bits| Total Bits|
    +-----------+----+-----------+-----+-----------+
    |ap_NS_fsm  |  33|          6|    1|          6|
    |i_reg_64   |   9|          2|    2|          4|
    +-----------+----+-----------+-----+-----------+
    |Total      |  42|          8|    3|         10|
    +-----------+----+-----------+-----+-----------+

    * Register: 
    +---------------+----+----+-----+-----------+
    |      Name     | FF | LUT| Bits| Const Bits|
    +---------------+----+----+-----+-----------+
    |ap_CS_fsm      |   5|   0|    5|          0|
    |i_1_reg_114    |   2|   0|    2|          0|
    |i_reg_64       |   2|   0|    2|          0|
    |tmp_1_reg_134  |  32|   0|   32|          0|
    |tmp_reg_119    |   2|   0|   64|         62|
    |x_reg_129      |  32|   0|   32|          0|
    +---------------+----+----+-----+-----------+
    |Total          |  75|   0|  137|         62|
    +---------------+----+----+-----+-----------+



================================================================
== Interface
================================================================
* Summary: 
+----------------+-----+-----+------------+--------------+--------------+
|    RTL Ports   | Dir | Bits|  Protocol  | Source Object|    C Type    |
+----------------+-----+-----+------------+--------------+--------------+
|ap_clk          |  in |    1| ap_ctrl_hs |     axpy     | return value |
|ap_rst          |  in |    1| ap_ctrl_hs |     axpy     | return value |
|ap_start        |  in |    1| ap_ctrl_hs |     axpy     | return value |
|ap_done         | out |    1| ap_ctrl_hs |     axpy     | return value |
|ap_idle         | out |    1| ap_ctrl_hs |     axpy     | return value |
|ap_ready        | out |    1| ap_ctrl_hs |     axpy     | return value |
|in_r_address0   | out |    2|  ap_memory |     in_r     |     array    |
|in_r_ce0        | out |    1|  ap_memory |     in_r     |     array    |
|in_r_q0         |  in |   32|  ap_memory |     in_r     |     array    |
|a               |  in |   32|   ap_none  |       a      |    scalar    |
|b               |  in |   32|   ap_none  |       b      |    scalar    |
|out_r_address0  | out |    2|  ap_memory |     out_r    |     array    |
|out_r_ce0       | out |    1|  ap_memory |     out_r    |     array    |
|out_r_we0       | out |    1|  ap_memory |     out_r    |     array    |
|out_r_d0        | out |   32|  ap_memory |     out_r    |     array    |
+----------------+-----+-----+------------+--------------+--------------+

